// Jest Snapshot v1, https://goo.gl/fbAQLP

exports[`Shared Component : AppHeader Check if the component matches the snapshot 1`] = `[Function]`;
