// Jest Snapshot v1, https://goo.gl/fbAQLP

exports[`Shared Component : StatusIcon Unit Test Component should match the UI snapshot 1`] = `[Function]`;
